exports[`test component DOM matches snapshot 1`] = `
<div
  style={
    Object {
      "margin": "4px 4px 0px 4px",
    }
  }>
  <div
    style={
      Object {
        "display": "inline",
        "marginRight": "5px",
        "paddingTop": "5px",
      }
    }>
    <img
      alt="#"
      height="16"
      src="icon"
      width="16" />
  </div>
  <div
    style={
      Object {
        "display": "inline",
        "verticalAlign": "top",
      }
    }>
    label
  </div>
</div>
`;
